Archive member included because of file (symbol)

e:/00-tools/03-imt sdk/03- imt sdk/03- imt sdk/imt_sdk_win_64/imt_sdk_win_64/winavr/bin/../lib/gcc/avr/4.3.3/avr5\libgcc.a(_mulsi3.o)
                              ./main.o (__mulsi3)
e:/00-tools/03-imt sdk/03- imt sdk/03- imt sdk/imt_sdk_win_64/imt_sdk_win_64/winavr/bin/../lib/gcc/avr/4.3.3/avr5\libgcc.a(_udivmodhi4.o)
                              ./SCH_program.o (__udivmodhi4)
e:/00-tools/03-imt sdk/03- imt sdk/03- imt sdk/imt_sdk_win_64/imt_sdk_win_64/winavr/bin/../lib/gcc/avr/4.3.3/avr5\libgcc.a(_divmodhi4.o)
                              ./ADC_prog.o (__divmodhi4)
e:/00-tools/03-imt sdk/03- imt sdk/03- imt sdk/imt_sdk_win_64/imt_sdk_win_64/winavr/bin/../lib/gcc/avr/4.3.3/avr5\libgcc.a(_exit.o)
                              e:/00-tools/03-imt sdk/03- imt sdk/03- imt sdk/imt_sdk_win_64/imt_sdk_win_64/winavr/bin/../lib/gcc/avr/4.3.3/../../../../avr/lib/avr5/crtm32.o (exit)
e:/00-tools/03-imt sdk/03- imt sdk/03- imt sdk/imt_sdk_win_64/imt_sdk_win_64/winavr/bin/../lib/gcc/avr/4.3.3/avr5\libgcc.a(_copy_data.o)
                              ./main.o (__do_copy_data)
e:/00-tools/03-imt sdk/03- imt sdk/03- imt sdk/imt_sdk_win_64/imt_sdk_win_64/winavr/bin/../lib/gcc/avr/4.3.3/avr5\libgcc.a(_clear_bss.o)
                              ./ADC_prog.o (__do_clear_bss)
e:/00-tools/03-imt sdk/03- imt sdk/03- imt sdk/imt_sdk_win_64/imt_sdk_win_64/winavr/bin/../lib/gcc/avr/4.3.3/../../../../avr/lib/avr5\libc.a(itoa.o)
                              ./USART_program.o (itoa)
e:/00-tools/03-imt sdk/03- imt sdk/03- imt sdk/imt_sdk_win_64/imt_sdk_win_64/winavr/bin/../lib/gcc/avr/4.3.3/../../../../avr/lib/avr5\libc.a(strrev.o)
                              e:/00-tools/03-imt sdk/03- imt sdk/03- imt sdk/imt_sdk_win_64/imt_sdk_win_64/winavr/bin/../lib/gcc/avr/4.3.3/../../../../avr/lib/avr5\libc.a(itoa.o) (strrev)

Allocating common symbols
Common symbol       size              file

SensorsResults      0x6               ./main.o
UART_u8ReceiveData  0x2               ./USART_program.o
counter             0x1               ./main.o
sensors             0x7               ./main.o
status              0x3               ./main.o

Memory Configuration

Name             Origin             Length             Attributes
text             0x00000000         0x00020000         xr
data             0x00800060         0x0000ffa0         rw !x
eeprom           0x00810000         0x00010000         rw !x
fuse             0x00820000         0x00000400         rw !x
lock             0x00830000         0x00000400         rw !x
signature        0x00840000         0x00000400         rw !x
*default*        0x00000000         0xffffffff

Linker script and memory map

LOAD e:/00-tools/03-imt sdk/03- imt sdk/03- imt sdk/imt_sdk_win_64/imt_sdk_win_64/winavr/bin/../lib/gcc/avr/4.3.3/../../../../avr/lib/avr5/crtm32.o
LOAD ./ADC_prog.o
LOAD ./DIO_program.o
LOAD ./GIE_program.o
LOAD ./SCH_program.o
LOAD ./SPI_prog.o
LOAD ./TMR0_program.o
LOAD ./TMR1_program.o
LOAD ./USART_program.o
LOAD ./main.o
LOAD e:/00-tools/03-imt sdk/03- imt sdk/03- imt sdk/imt_sdk_win_64/imt_sdk_win_64/winavr/bin/../lib/gcc/avr/4.3.3/avr5\libgcc.a
LOAD e:/00-tools/03-imt sdk/03- imt sdk/03- imt sdk/imt_sdk_win_64/imt_sdk_win_64/winavr/bin/../lib/gcc/avr/4.3.3/../../../../avr/lib/avr5\libc.a
LOAD e:/00-tools/03-imt sdk/03- imt sdk/03- imt sdk/imt_sdk_win_64/imt_sdk_win_64/winavr/bin/../lib/gcc/avr/4.3.3/avr5\libgcc.a

.hash
 *(.hash)

.dynsym
 *(.dynsym)

.dynstr
 *(.dynstr)

.gnu.version
 *(.gnu.version)

.gnu.version_d
 *(.gnu.version_d)

.gnu.version_r
 *(.gnu.version_r)

.rel.init
 *(.rel.init)

.rela.init
 *(.rela.init)

.rel.text
 *(.rel.text)
 *(.rel.text.*)
 *(.rel.gnu.linkonce.t*)

.rela.text
 *(.rela.text)
 *(.rela.text.*)
 *(.rela.gnu.linkonce.t*)

.rel.fini
 *(.rel.fini)

.rela.fini
 *(.rela.fini)

.rel.rodata
 *(.rel.rodata)
 *(.rel.rodata.*)
 *(.rel.gnu.linkonce.r*)

.rela.rodata
 *(.rela.rodata)
 *(.rela.rodata.*)
 *(.rela.gnu.linkonce.r*)

.rel.data
 *(.rel.data)
 *(.rel.data.*)
 *(.rel.gnu.linkonce.d*)

.rela.data
 *(.rela.data)
 *(.rela.data.*)
 *(.rela.gnu.linkonce.d*)

.rel.ctors
 *(.rel.ctors)

.rela.ctors
 *(.rela.ctors)

.rel.dtors
 *(.rel.dtors)

.rela.dtors
 *(.rela.dtors)

.rel.got
 *(.rel.got)

.rela.got
 *(.rela.got)

.rel.bss
 *(.rel.bss)

.rela.bss
 *(.rela.bss)

.rel.plt
 *(.rel.plt)

.rela.plt
 *(.rela.plt)

.text           0x00000000     0x1a10
 *(.vectors)
 .vectors       0x00000000       0x54 e:/00-tools/03-imt sdk/03- imt sdk/03- imt sdk/imt_sdk_win_64/imt_sdk_win_64/winavr/bin/../lib/gcc/avr/4.3.3/../../../../avr/lib/avr5/crtm32.o
                0x00000000                __vectors
                0x00000000                __vector_default
 *(.vectors)
 *(.progmem.gcc*)
 *(.progmem*)
                0x00000054                . = ALIGN (0x2)
                0x00000054                __trampolines_start = .
 *(.trampolines)
 .trampolines   0x00000054        0x0 linker stubs
 *(.trampolines*)
                0x00000054                __trampolines_end = .
 *(.jumptables)
 *(.jumptables*)
 *(.lowtext)
 *(.lowtext*)
                0x00000054                __ctors_start = .
 *(.ctors)
                0x00000054                __ctors_end = .
                0x00000054                __dtors_start = .
 *(.dtors)
                0x00000054                __dtors_end = .
 SORT(*)(.ctors)
 SORT(*)(.dtors)
 *(.init0)
 .init0         0x00000054        0x0 e:/00-tools/03-imt sdk/03- imt sdk/03- imt sdk/imt_sdk_win_64/imt_sdk_win_64/winavr/bin/../lib/gcc/avr/4.3.3/../../../../avr/lib/avr5/crtm32.o
                0x00000054                __init
 *(.init0)
 *(.init1)
 *(.init1)
 *(.init2)
 .init2         0x00000054        0xc e:/00-tools/03-imt sdk/03- imt sdk/03- imt sdk/imt_sdk_win_64/imt_sdk_win_64/winavr/bin/../lib/gcc/avr/4.3.3/../../../../avr/lib/avr5/crtm32.o
 *(.init2)
 *(.init3)
 *(.init3)
 *(.init4)
 .init4         0x00000060       0x16 e:/00-tools/03-imt sdk/03- imt sdk/03- imt sdk/imt_sdk_win_64/imt_sdk_win_64/winavr/bin/../lib/gcc/avr/4.3.3/avr5\libgcc.a(_copy_data.o)
                0x00000060                __do_copy_data
 .init4         0x00000076       0x10 e:/00-tools/03-imt sdk/03- imt sdk/03- imt sdk/imt_sdk_win_64/imt_sdk_win_64/winavr/bin/../lib/gcc/avr/4.3.3/avr5\libgcc.a(_clear_bss.o)
                0x00000076                __do_clear_bss
 *(.init4)
 *(.init5)
 *(.init5)
 *(.init6)
 *(.init6)
 *(.init7)
 *(.init7)
 *(.init8)
 *(.init8)
 *(.init9)
 .init9         0x00000086        0x8 e:/00-tools/03-imt sdk/03- imt sdk/03- imt sdk/imt_sdk_win_64/imt_sdk_win_64/winavr/bin/../lib/gcc/avr/4.3.3/../../../../avr/lib/avr5/crtm32.o
 *(.init9)
 *(.text)
 .text          0x0000008e        0x4 e:/00-tools/03-imt sdk/03- imt sdk/03- imt sdk/imt_sdk_win_64/imt_sdk_win_64/winavr/bin/../lib/gcc/avr/4.3.3/../../../../avr/lib/avr5/crtm32.o
                0x0000008e                __vector_1
                0x0000008e                __bad_interrupt
                0x0000008e                __vector_6
                0x0000008e                __vector_3
                0x0000008e                __vector_17
                0x0000008e                __vector_19
                0x0000008e                __vector_7
                0x0000008e                __vector_5
                0x0000008e                __vector_4
                0x0000008e                __vector_9
                0x0000008e                __vector_2
                0x0000008e                __vector_15
                0x0000008e                __vector_8
                0x0000008e                __vector_14
                0x0000008e                __vector_18
                0x0000008e                __vector_20
 .text          0x00000092        0x0 ./ADC_prog.o
 .text          0x00000092        0x0 ./DIO_program.o
 .text          0x00000092        0x0 ./GIE_program.o
 .text          0x00000092        0x0 ./SCH_program.o
 .text          0x00000092        0x0 ./SPI_prog.o
 .text          0x00000092        0x0 ./TMR0_program.o
 .text          0x00000092        0x0 ./TMR1_program.o
 .text          0x00000092        0x0 ./USART_program.o
 .text          0x00000092        0x0 ./main.o
 .text          0x00000092        0x0 e:/00-tools/03-imt sdk/03- imt sdk/03- imt sdk/imt_sdk_win_64/imt_sdk_win_64/winavr/bin/../lib/gcc/avr/4.3.3/avr5\libgcc.a(_mulsi3.o)
 .text          0x00000092        0x0 e:/00-tools/03-imt sdk/03- imt sdk/03- imt sdk/imt_sdk_win_64/imt_sdk_win_64/winavr/bin/../lib/gcc/avr/4.3.3/avr5\libgcc.a(_udivmodhi4.o)
 .text          0x00000092        0x0 e:/00-tools/03-imt sdk/03- imt sdk/03- imt sdk/imt_sdk_win_64/imt_sdk_win_64/winavr/bin/../lib/gcc/avr/4.3.3/avr5\libgcc.a(_divmodhi4.o)
 .text          0x00000092        0x0 e:/00-tools/03-imt sdk/03- imt sdk/03- imt sdk/imt_sdk_win_64/imt_sdk_win_64/winavr/bin/../lib/gcc/avr/4.3.3/avr5\libgcc.a(_exit.o)
 .text          0x00000092        0x0 e:/00-tools/03-imt sdk/03- imt sdk/03- imt sdk/imt_sdk_win_64/imt_sdk_win_64/winavr/bin/../lib/gcc/avr/4.3.3/avr5\libgcc.a(_copy_data.o)
 .text          0x00000092        0x0 e:/00-tools/03-imt sdk/03- imt sdk/03- imt sdk/imt_sdk_win_64/imt_sdk_win_64/winavr/bin/../lib/gcc/avr/4.3.3/avr5\libgcc.a(_clear_bss.o)
 .text          0x00000092        0x0 e:/00-tools/03-imt sdk/03- imt sdk/03- imt sdk/imt_sdk_win_64/imt_sdk_win_64/winavr/bin/../lib/gcc/avr/4.3.3/../../../../avr/lib/avr5\libc.a(itoa.o)
 .text          0x00000092        0x0 e:/00-tools/03-imt sdk/03- imt sdk/03- imt sdk/imt_sdk_win_64/imt_sdk_win_64/winavr/bin/../lib/gcc/avr/4.3.3/../../../../avr/lib/avr5\libc.a(strrev.o)
                0x00000092                . = ALIGN (0x2)
 *(.text.*)
 .text.MAP      0x00000092       0xdc ./ADC_prog.o
                0x00000092                MAP
 .text.ADC_voidInit
                0x0000016e       0x70 ./ADC_prog.o
                0x0000016e                ADC_voidInit
 .text.ADC_u8Read
                0x000001de      0x102 ./ADC_prog.o
                0x000001de                ADC_u8Read
 .text.ADC_u8ReadI
                0x000002e0       0xac ./ADC_prog.o
                0x000002e0                ADC_u8ReadI
 .text.ADC_u8ReadChainI
                0x0000038c       0xd2 ./ADC_prog.o
                0x0000038c                ADC_u8ReadChainI
 .text.__vector_16
                0x0000045e      0x12c ./ADC_prog.o
                0x0000045e                __vector_16
 .text.MDIO_voidSetPortDirection
                0x0000058a       0xd2 ./DIO_program.o
                0x0000058a                MDIO_voidSetPortDirection
 .text.MDIO_voidSetPortValue
                0x0000065c       0xfa ./DIO_program.o
                0x0000065c                MDIO_voidSetPortValue
 .text.MDIO_voidSetPinDirection
                0x00000756      0x1e4 ./DIO_program.o
                0x00000756                MDIO_voidSetPinDirection
 .text.MDIO_voidSetPinValue
                0x0000093a      0x1e4 ./DIO_program.o
                0x0000093a                MDIO_voidSetPinValue
 .text.MDIO_voidTogglePinValue
                0x00000b1e       0xfa ./DIO_program.o
                0x00000b1e                MDIO_voidTogglePinValue
 .text.MDIO_u8GetPinValue
                0x00000c18       0xf2 ./DIO_program.o
                0x00000c18                MDIO_u8GetPinValue
 .text.GIE_voidEnable
                0x00000d0a       0x1c ./GIE_program.o
                0x00000d0a                GIE_voidEnable
 .text.GIE_voidDisable
                0x00000d26       0x1c ./GIE_program.o
                0x00000d26                GIE_voidDisable
 .text.SCH_Start
                0x00000d42       0x1a ./SCH_program.o
                0x00000d42                SCH_Start
 .text.SCH_Create
                0x00000d5c       0x62 ./SCH_program.o
                0x00000d5c                SCH_Create
 .text.schedule
                0x00000dbe       0x7e ./SCH_program.o
 .text.Spi_voidMasterInit
                0x00000e3c       0x54 ./SPI_prog.o
                0x00000e3c                Spi_voidMasterInit
 .text.Spi_voidSlaveInit
                0x00000e90       0x2a ./SPI_prog.o
                0x00000e90                Spi_voidSlaveInit
 .text.Spi_u8Trancieve
                0x00000eba       0x2c ./SPI_prog.o
                0x00000eba                Spi_u8Trancieve
 .text.MSPI_voidTranseiverDataAsynch
                0x00000ee6       0x48 ./SPI_prog.o
                0x00000ee6                MSPI_voidTranseiverDataAsynch
 .text.__vector_12
                0x00000f2e       0x78 ./SPI_prog.o
                0x00000f2e                __vector_12
 .text.M_TMR0_void_init
                0x00000fa6       0x64 ./TMR0_program.o
                0x00000fa6                M_TMR0_void_init
 .text.M_TMR0_void_MeasureTimeAsync
                0x0000100a       0x32 ./TMR0_program.o
                0x0000100a                M_TMR0_void_MeasureTimeAsync
 .text.M_TMR0_void_SetCompareMatchValue
                0x0000103c       0x1c ./TMR0_program.o
                0x0000103c                M_TMR0_void_SetCompareMatchValue
 .text.__vector_10
                0x00001058       0x5a ./TMR0_program.o
                0x00001058                __vector_10
 .text.__vector_11
                0x000010b2       0x5a ./TMR0_program.o
                0x000010b2                __vector_11
 .text.M_TMR1_void_init
                0x0000110c       0x8c ./TMR1_program.o
                0x0000110c                M_TMR1_void_init
 .text.M_TMR1_void_SetTopValue
                0x00001198       0x24 ./TMR1_program.o
                0x00001198                M_TMR1_void_SetTopValue
 .text.M_TMR1_void_SetCompareMatchValue
                0x000011bc       0x24 ./TMR1_program.o
                0x000011bc                M_TMR1_void_SetCompareMatchValue
 .text.M_USART_voidInit
                0x000011e0       0x7e ./USART_program.o
                0x000011e0                M_USART_voidInit
 .text.M_USART_voidSendByte
                0x0000125e       0x34 ./USART_program.o
                0x0000125e                M_USART_voidSendByte
 .text.M_USART_u8_RecieveByte
                0x00001292       0x8c ./USART_program.o
                0x00001292                M_USART_u8_RecieveByte
 .text.M_USART_u8_Send_Number
                0x0000131e       0x56 ./USART_program.o
                0x0000131e                M_USART_u8_Send_Number
 .text.M_USART_void_Send_String
                0x00001374       0x38 ./USART_program.o
                0x00001374                M_USART_void_Send_String
 .text.M_USART_void_Recieve_String
                0x000013ac       0x7a ./USART_program.o
                0x000013ac                M_USART_void_Recieve_String
 .text.M_USART_void_RecieveByteAsync
                0x00001426       0x48 ./USART_program.o
                0x00001426                M_USART_void_RecieveByteAsync
 .text.__vector_13
                0x0000146e       0x78 ./USART_program.o
                0x0000146e                __vector_13
 .text.main     0x000014e6       0x32 ./main.o
                0x000014e6                main
 .text.Setup    0x00001518       0xaa ./main.o
                0x00001518                Setup
 .text.ISR      0x000015c2      0x18a ./main.o
                0x000015c2                ISR
 .text.Uart_Recieving_Handler
                0x0000174c      0x1a8 ./main.o
                0x0000174c                Uart_Recieving_Handler
 .text.Spi_Recieving_Handler
                0x000018f4       0x2a ./main.o
                0x000018f4                Spi_Recieving_Handler
 .text.libgcc   0x0000191e       0x3e e:/00-tools/03-imt sdk/03- imt sdk/03- imt sdk/imt_sdk_win_64/imt_sdk_win_64/winavr/bin/../lib/gcc/avr/4.3.3/avr5\libgcc.a(_mulsi3.o)
                0x0000191e                __mulsi3
 .text.libgcc   0x0000195c       0x28 e:/00-tools/03-imt sdk/03- imt sdk/03- imt sdk/imt_sdk_win_64/imt_sdk_win_64/winavr/bin/../lib/gcc/avr/4.3.3/avr5\libgcc.a(_udivmodhi4.o)
                0x0000195c                __udivmodhi4
 .text.libgcc   0x00001984       0x26 e:/00-tools/03-imt sdk/03- imt sdk/03- imt sdk/imt_sdk_win_64/imt_sdk_win_64/winavr/bin/../lib/gcc/avr/4.3.3/avr5\libgcc.a(_divmodhi4.o)
                0x00001984                __divmodhi4
                0x00001984                _div
 .text.libgcc   0x000019aa        0x0 e:/00-tools/03-imt sdk/03- imt sdk/03- imt sdk/imt_sdk_win_64/imt_sdk_win_64/winavr/bin/../lib/gcc/avr/4.3.3/avr5\libgcc.a(_exit.o)
 .text.libgcc   0x000019aa        0x0 e:/00-tools/03-imt sdk/03- imt sdk/03- imt sdk/imt_sdk_win_64/imt_sdk_win_64/winavr/bin/../lib/gcc/avr/4.3.3/avr5\libgcc.a(_copy_data.o)
 .text.libgcc   0x000019aa        0x0 e:/00-tools/03-imt sdk/03- imt sdk/03- imt sdk/imt_sdk_win_64/imt_sdk_win_64/winavr/bin/../lib/gcc/avr/4.3.3/avr5\libgcc.a(_clear_bss.o)
 .text.avr-libc
                0x000019aa       0x42 e:/00-tools/03-imt sdk/03- imt sdk/03- imt sdk/imt_sdk_win_64/imt_sdk_win_64/winavr/bin/../lib/gcc/avr/4.3.3/../../../../avr/lib/avr5\libc.a(itoa.o)
                0x000019aa                itoa
 .text.avr-libc
                0x000019ec       0x20 e:/00-tools/03-imt sdk/03- imt sdk/03- imt sdk/imt_sdk_win_64/imt_sdk_win_64/winavr/bin/../lib/gcc/avr/4.3.3/../../../../avr/lib/avr5\libc.a(strrev.o)
                0x000019ec                strrev
                0x00001a0c                . = ALIGN (0x2)
 *(.fini9)
 .fini9         0x00001a0c        0x0 e:/00-tools/03-imt sdk/03- imt sdk/03- imt sdk/imt_sdk_win_64/imt_sdk_win_64/winavr/bin/../lib/gcc/avr/4.3.3/avr5\libgcc.a(_exit.o)
                0x00001a0c                exit
                0x00001a0c                _exit
 *(.fini9)
 *(.fini8)
 *(.fini8)
 *(.fini7)
 *(.fini7)
 *(.fini6)
 *(.fini6)
 *(.fini5)
 *(.fini5)
 *(.fini4)
 *(.fini4)
 *(.fini3)
 *(.fini3)
 *(.fini2)
 *(.fini2)
 *(.fini1)
 *(.fini1)
 *(.fini0)
 .fini0         0x00001a0c        0x4 e:/00-tools/03-imt sdk/03- imt sdk/03- imt sdk/imt_sdk_win_64/imt_sdk_win_64/winavr/bin/../lib/gcc/avr/4.3.3/avr5\libgcc.a(_exit.o)
 *(.fini0)
                0x00001a10                _etext = .

.data           0x00800060        0x4 load address 0x00001a10
                0x00800060                PROVIDE (__data_start, .)
 *(.data)
 .data          0x00800060        0x0 e:/00-tools/03-imt sdk/03- imt sdk/03- imt sdk/imt_sdk_win_64/imt_sdk_win_64/winavr/bin/../lib/gcc/avr/4.3.3/../../../../avr/lib/avr5/crtm32.o
 .data          0x00800060        0x0 ./ADC_prog.o
 .data          0x00800060        0x0 ./DIO_program.o
 .data          0x00800060        0x0 ./GIE_program.o
 .data          0x00800060        0x0 ./SCH_program.o
 .data          0x00800060        0x0 ./SPI_prog.o
 .data          0x00800060        0x0 ./TMR0_program.o
 .data          0x00800060        0x0 ./TMR1_program.o
 .data          0x00800060        0x0 ./USART_program.o
 .data          0x00800060        0x0 ./main.o
 .data          0x00800060        0x0 e:/00-tools/03-imt sdk/03- imt sdk/03- imt sdk/imt_sdk_win_64/imt_sdk_win_64/winavr/bin/../lib/gcc/avr/4.3.3/avr5\libgcc.a(_mulsi3.o)
 .data          0x00800060        0x0 e:/00-tools/03-imt sdk/03- imt sdk/03- imt sdk/imt_sdk_win_64/imt_sdk_win_64/winavr/bin/../lib/gcc/avr/4.3.3/avr5\libgcc.a(_udivmodhi4.o)
 .data          0x00800060        0x0 e:/00-tools/03-imt sdk/03- imt sdk/03- imt sdk/imt_sdk_win_64/imt_sdk_win_64/winavr/bin/../lib/gcc/avr/4.3.3/avr5\libgcc.a(_divmodhi4.o)
 .data          0x00800060        0x0 e:/00-tools/03-imt sdk/03- imt sdk/03- imt sdk/imt_sdk_win_64/imt_sdk_win_64/winavr/bin/../lib/gcc/avr/4.3.3/avr5\libgcc.a(_exit.o)
 .data          0x00800060        0x0 e:/00-tools/03-imt sdk/03- imt sdk/03- imt sdk/imt_sdk_win_64/imt_sdk_win_64/winavr/bin/../lib/gcc/avr/4.3.3/avr5\libgcc.a(_copy_data.o)
 .data          0x00800060        0x0 e:/00-tools/03-imt sdk/03- imt sdk/03- imt sdk/imt_sdk_win_64/imt_sdk_win_64/winavr/bin/../lib/gcc/avr/4.3.3/avr5\libgcc.a(_clear_bss.o)
 .data          0x00800060        0x0 e:/00-tools/03-imt sdk/03- imt sdk/03- imt sdk/imt_sdk_win_64/imt_sdk_win_64/winavr/bin/../lib/gcc/avr/4.3.3/../../../../avr/lib/avr5\libc.a(itoa.o)
 .data          0x00800060        0x0 e:/00-tools/03-imt sdk/03- imt sdk/03- imt sdk/imt_sdk_win_64/imt_sdk_win_64/winavr/bin/../lib/gcc/avr/4.3.3/../../../../avr/lib/avr5\libc.a(strrev.o)
 *(.data*)
 .data.SensorsChannels
                0x00800060        0x3 ./main.o
                0x00800060                SensorsChannels
 *(.rodata)
 *(.rodata*)
 *(.gnu.linkonce.d*)
                0x00800064                . = ALIGN (0x2)
 *fill*         0x00800063        0x1 00
                0x00800064                _edata = .
                0x00800064                PROVIDE (__data_end, .)

.bss            0x00800064       0x37
                0x00800064                PROVIDE (__bss_start, .)
 *(.bss)
 .bss           0x00800064        0x0 e:/00-tools/03-imt sdk/03- imt sdk/03- imt sdk/imt_sdk_win_64/imt_sdk_win_64/winavr/bin/../lib/gcc/avr/4.3.3/../../../../avr/lib/avr5/crtm32.o
 .bss           0x00800064        0x0 ./ADC_prog.o
 .bss           0x00800064        0x0 ./DIO_program.o
 .bss           0x00800064        0x0 ./GIE_program.o
 .bss           0x00800064        0x0 ./SCH_program.o
 .bss           0x00800064        0x0 ./SPI_prog.o
 .bss           0x00800064        0x0 ./TMR0_program.o
 .bss           0x00800064        0x0 ./TMR1_program.o
 .bss           0x00800064        0x0 ./USART_program.o
 .bss           0x00800064        0x0 ./main.o
 .bss           0x00800064        0x0 e:/00-tools/03-imt sdk/03- imt sdk/03- imt sdk/imt_sdk_win_64/imt_sdk_win_64/winavr/bin/../lib/gcc/avr/4.3.3/avr5\libgcc.a(_mulsi3.o)
 .bss           0x00800064        0x0 e:/00-tools/03-imt sdk/03- imt sdk/03- imt sdk/imt_sdk_win_64/imt_sdk_win_64/winavr/bin/../lib/gcc/avr/4.3.3/avr5\libgcc.a(_udivmodhi4.o)
 .bss           0x00800064        0x0 e:/00-tools/03-imt sdk/03- imt sdk/03- imt sdk/imt_sdk_win_64/imt_sdk_win_64/winavr/bin/../lib/gcc/avr/4.3.3/avr5\libgcc.a(_divmodhi4.o)
 .bss           0x00800064        0x0 e:/00-tools/03-imt sdk/03- imt sdk/03- imt sdk/imt_sdk_win_64/imt_sdk_win_64/winavr/bin/../lib/gcc/avr/4.3.3/avr5\libgcc.a(_exit.o)
 .bss           0x00800064        0x0 e:/00-tools/03-imt sdk/03- imt sdk/03- imt sdk/imt_sdk_win_64/imt_sdk_win_64/winavr/bin/../lib/gcc/avr/4.3.3/avr5\libgcc.a(_copy_data.o)
 .bss           0x00800064        0x0 e:/00-tools/03-imt sdk/03- imt sdk/03- imt sdk/imt_sdk_win_64/imt_sdk_win_64/winavr/bin/../lib/gcc/avr/4.3.3/avr5\libgcc.a(_clear_bss.o)
 .bss           0x00800064        0x0 e:/00-tools/03-imt sdk/03- imt sdk/03- imt sdk/imt_sdk_win_64/imt_sdk_win_64/winavr/bin/../lib/gcc/avr/4.3.3/../../../../avr/lib/avr5\libc.a(itoa.o)
 .bss           0x00800064        0x0 e:/00-tools/03-imt sdk/03- imt sdk/03- imt sdk/imt_sdk_win_64/imt_sdk_win_64/winavr/bin/../lib/gcc/avr/4.3.3/../../../../avr/lib/avr5\libc.a(strrev.o)
 *(.bss*)
 .bss.ADC_Global_pu8NotificationFunc
                0x00800064        0x2 ./ADC_prog.o
 .bss.ADC_Global_pu16Result
                0x00800066        0x2 ./ADC_prog.o
 .bss.ADC_Global_pu8Result
                0x00800068        0x2 ./ADC_prog.o
 .bss.ADC_u8BusyState
                0x0080006a        0x1 ./ADC_prog.o
                0x0080006a                ADC_u8BusyState
 .bss.ADC_Global_pu8ChannelArray
                0x0080006b        0x2 ./ADC_prog.o
 .bss.ADC_Global_pu16ResultArray
                0x0080006d        0x2 ./ADC_prog.o
 .bss.ADC_Global_copyu8ChainIndex
                0x0080006f        0x1 ./ADC_prog.o
 .bss.ADC_Global_copyu8Chainsize
                0x00800070        0x1 ./ADC_prog.o
 .bss.ADC_IsrSource
                0x00800071        0x1 ./ADC_prog.o
 .bss.taskARR   0x00800072        0x8 ./SCH_program.o
 .bss.Local_u16_TickCount.1222
                0x0080007a        0x2 ./SCH_program.o
 .bss.MSPI_uint8ReceiveData
                0x0080007c        0x2 ./SPI_prog.o
                0x0080007c                MSPI_uint8ReceiveData
 .bss.SPI_Global_pu8NotificationFunc
                0x0080007e        0x2 ./SPI_prog.o
 .bss.G_ptr_TMR0_Notification
                0x00800080        0x2 ./TMR0_program.o
                0x00800080                G_ptr_TMR0_Notification
 .bss.UART_Global_pu8NotificationRecievedFunc
                0x00800082        0x2 ./USART_program.o
 .bss.Uart_Recieved_Byte
                0x00800084        0x1 ./main.o
                0x00800084                Uart_Recieved_Byte
 .bss.Spi_Recieved_Byte
                0x00800085        0x1 ./main.o
                0x00800085                Spi_Recieved_Byte
 .bss.AutoAdjustLight
                0x00800086        0x1 ./main.o
                0x00800086                AutoAdjustLight
 .bss.AutoAdjustFan
                0x00800087        0x1 ./main.o
                0x00800087                AutoAdjustFan
 *(COMMON)
 COMMON         0x00800088        0x2 ./USART_program.o
                0x00800088                UART_u8ReceiveData
 COMMON         0x0080008a       0x11 ./main.o
                0x0080008a                SensorsResults
                0x00800090                counter
                0x00800091                sensors
                0x00800098                status
                0x0080009b                PROVIDE (__bss_end, .)
                0x00001a10                __data_load_start = LOADADDR (.data)
                0x00001a14                __data_load_end = (__data_load_start + SIZEOF (.data))

.noinit         0x0080009b        0x0
                0x0080009b                PROVIDE (__noinit_start, .)
 *(.noinit*)
                0x0080009b                PROVIDE (__noinit_end, .)
                0x0080009b                _end = .
                0x0080009b                PROVIDE (__heap_start, .)

.eeprom         0x00810000        0x0
 *(.eeprom*)
                0x00810000                __eeprom_end = .

.fuse
 *(.fuse)
 *(.lfuse)
 *(.hfuse)
 *(.efuse)

.lock
 *(.lock*)

.signature
 *(.signature*)

.stab           0x00000000     0x24e4
 *(.stab)
 .stab          0x00000000      0x7bc ./ADC_prog.o
 .stab          0x000007bc      0x66c ./DIO_program.o
                                0x6e4 (size before relaxing)
 .stab          0x00000e28      0x144 ./GIE_program.o
                                0x1bc (size before relaxing)
 .stab          0x00000f6c      0x264 ./SCH_program.o
                                0x2dc (size before relaxing)
 .stab          0x000011d0      0x294 ./SPI_prog.o
                                0x30c (size before relaxing)
 .stab          0x00001464      0x24c ./TMR0_program.o
                                0x2c4 (size before relaxing)
 .stab          0x000016b0      0x1ec ./TMR1_program.o
                                0x264 (size before relaxing)
 .stab          0x0000189c      0x4d4 ./USART_program.o
                                0x54c (size before relaxing)
 .stab          0x00001d70      0x774 ./main.o
                                0x804 (size before relaxing)

.stabstr        0x00000000     0x143d
 *(.stabstr)
 .stabstr       0x00000000     0x143d ./ADC_prog.o

.stab.excl
 *(.stab.excl)

.stab.exclstr
 *(.stab.exclstr)

.stab.index
 *(.stab.index)

.stab.indexstr
 *(.stab.indexstr)

.comment
 *(.comment)

.debug
 *(.debug)

.line
 *(.line)

.debug_srcinfo
 *(.debug_srcinfo)

.debug_sfnames
 *(.debug_sfnames)

.debug_aranges
 *(.debug_aranges)

.debug_pubnames
 *(.debug_pubnames)

.debug_info
 *(.debug_info)
 *(.gnu.linkonce.wi.*)

.debug_abbrev
 *(.debug_abbrev)

.debug_line
 *(.debug_line)

.debug_frame
 *(.debug_frame)

.debug_str
 *(.debug_str)

.debug_loc
 *(.debug_loc)

.debug_macinfo
 *(.debug_macinfo)
OUTPUT(TIMER00.elf elf32-avr)
LOAD linker stubs
